======================================================================
COMPREHENSIVE TESTING: ALL MODELS WITH WATER FILTERING
======================================================================
Dataset: Kanpur (528 tiles)
Water Filter: Remove water bodies < 500 pixels
Device: CPU

Kanpur dataset: 528 images

Found 30 models (excluding recovery checkpoint)

Testing all models with water filtering...
======================================================================

Overall Progress:   0%|          | 0/30 [00:00<?, ?it/s]Overall Progress:   0%|          | 0/30 [00:00<?, ?it/s]
Traceback (most recent call last):
  File "G:\GeoSight2\Scripts\Testing\test_all_models_water_filtered_clean.py", line 300, in <module>
    test_all_models_with_filtering()
    ~~~~~~~~~~~~~~~~~~~~~~~~~~~~~~^^
  File "G:\GeoSight2\Scripts\Testing\test_all_models_water_filtered_clean.py", line 218, in test_all_models_with_filtering
    class_pcts_raw, class_pcts_filtered = test_single_model(model_info, dataloader)
                                          ~~~~~~~~~~~~~~~~~^^^^^^^^^^^^^^^^^^^^^^^^
  File "G:\GeoSight2\Scripts\Testing\test_all_models_water_filtered_clean.py", line 116, in test_single_model
    model.load_state_dict(torch.load(model_path, map_location=device, weights_only=True))
    ~~~~~~~~~~~~~~~~~~~~~^^^^^^^^^^^^^^^^^^^^^^^^^^^^^^^^^^^^^^^^^^^^^^^^^^^^^^^^^^^^^^^^
  File "C:\Users\vedan\AppData\Local\Programs\Python\Python313\Lib\site-packages\segmentation_models_pytorch\base\model.py", line 139, in load_state_dict
    return super().load_state_dict(state_dict, **kwargs)
           ~~~~~~~~~~~~~~~~~~~~~~~^^^^^^^^^^^^^^^^^^^^^^
  File "C:\Users\vedan\AppData\Local\Programs\Python\Python313\Lib\site-packages\torch\nn\modules\module.py", line 2635, in load_state_dict
    raise RuntimeError(
    ...<3 lines>...
    )
RuntimeError: Error(s) in loading state_dict for Linknet:
	Missing key(s) in state_dict: "encoder.conv1.weight", "encoder.bn1.weight", "encoder.bn1.bias", "encoder.bn1.running_mean", "encoder.bn1.running_var", "encoder.layer1.0.conv1.weight", "encoder.layer1.0.bn1.weight", "encoder.layer1.0.bn1.bias", "encoder.layer1.0.bn1.running_mean", "encoder.layer1.0.bn1.running_var", "encoder.layer1.0.conv2.weight", "encoder.layer1.0.bn2.weight", "encoder.layer1.0.bn2.bias", "encoder.layer1.0.bn2.running_mean", "encoder.layer1.0.bn2.running_var", "encoder.layer1.0.conv3.weight", "encoder.layer1.0.bn3.weight", "encoder.layer1.0.bn3.bias", "encoder.layer1.0.bn3.running_mean", "encoder.layer1.0.bn3.running_var", "encoder.layer1.0.downsample.0.weight", "encoder.layer1.0.downsample.1.weight", "encoder.layer1.0.downsample.1.bias", "encoder.layer1.0.downsample.1.running_mean", "encoder.layer1.0.downsample.1.running_var", "encoder.layer1.1.conv1.weight", "encoder.layer1.1.bn1.weight", "encoder.layer1.1.bn1.bias", "encoder.layer1.1.bn1.running_mean", "encoder.layer1.1.bn1.running_var", "encoder.layer1.1.conv2.weight", "encoder.layer1.1.bn2.weight", "encoder.layer1.1.bn2.bias", "encoder.layer1.1.bn2.running_mean", "encoder.layer1.1.bn2.running_var", "encoder.layer1.1.conv3.weight", "encoder.layer1.1.bn3.weight", "encoder.layer1.1.bn3.bias", "encoder.layer1.1.bn3.running_mean", "encoder.layer1.1.bn3.running_var", "encoder.layer1.2.conv1.weight", "encoder.layer1.2.bn1.weight", "encoder.layer1.2.bn1.bias", "encoder.layer1.2.bn1.running_mean", "encoder.layer1.2.bn1.running_var", "encoder.layer1.2.conv2.weight", "encoder.layer1.2.bn2.weight", "encoder.layer1.2.bn2.bias", "encoder.layer1.2.bn2.running_mean", "encoder.layer1.2.bn2.running_var", "encoder.layer1.2.conv3.weight", "encoder.layer1.2.bn3.weight", "encoder.layer1.2.bn3.bias", "encoder.layer1.2.bn3.running_mean", "encoder.layer1.2.bn3.running_var", "encoder.layer2.0.conv1.weight", "encoder.layer2.0.bn1.weight", "encoder.layer2.0.bn1.bias", "encoder.layer2.0.bn1.running_mean", "encoder.layer2.0.bn1.running_var", "encoder.layer2.0.conv2.weight", "encoder.layer2.0.bn2.weight", "encoder.layer2.0.bn2.bias", "encoder.layer2.0.bn2.running_mean", "encoder.layer2.0.bn2.running_var", "encoder.layer2.0.conv3.weight", "encoder.layer2.0.bn3.weight", "encoder.layer2.0.bn3.bias", "encoder.layer2.0.bn3.running_mean", "encoder.layer2.0.bn3.running_var", "encoder.layer2.0.downsample.0.weight", "encoder.layer2.0.downsample.1.weight", "encoder.layer2.0.downsample.1.bias", "encoder.layer2.0.downsample.1.running_mean", "encoder.layer2.0.downsample.1.running_var", "encoder.layer2.1.conv1.weight", "encoder.layer2.1.bn1.weight", "encoder.layer2.1.bn1.bias", "encoder.layer2.1.bn1.running_mean", "encoder.layer2.1.bn1.running_var", "encoder.layer2.1.conv2.weight", "encoder.layer2.1.bn2.weight", "encoder.layer2.1.bn2.bias", "encoder.layer2.1.bn2.running_mean", "encoder.layer2.1.bn2.running_var", "encoder.layer2.1.conv3.weight", "encoder.layer2.1.bn3.weight", "encoder.layer2.1.bn3.bias", "encoder.layer2.1.bn3.running_mean", "encoder.layer2.1.bn3.running_var", "encoder.layer2.2.conv1.weight", "encoder.layer2.2.bn1.weight", "encoder.layer2.2.bn1.bias", "encoder.layer2.2.bn1.running_mean", "encoder.layer2.2.bn1.running_var", "encoder.layer2.2.conv2.weight", "encoder.layer2.2.bn2.weight", "encoder.layer2.2.bn2.bias", "encoder.layer2.2.bn2.running_mean", "encoder.layer2.2.bn2.running_var", "encoder.layer2.2.conv3.weight", "encoder.layer2.2.bn3.weight", "encoder.layer2.2.bn3.bias", "encoder.layer2.2.bn3.running_mean", "encoder.layer2.2.bn3.running_var", "encoder.layer2.3.conv1.weight", "encoder.layer2.3.bn1.weight", "encoder.layer2.3.bn1.bias", "encoder.layer2.3.bn1.running_mean", "encoder.layer2.3.bn1.running_var", "encoder.layer2.3.conv2.weight", "encoder.layer2.3.bn2.weight", "encoder.layer2.3.bn2.bias", "encoder.layer2.3.bn2.running_mean", "encoder.layer2.3.bn2.running_var", "encoder.layer2.3.conv3.weight", "encoder.layer2.3.bn3.weight", "encoder.layer2.3.bn3.bias", "encoder.layer2.3.bn3.running_mean", "encoder.layer2.3.bn3.running_var", "encoder.layer3.0.conv1.weight", "encoder.layer3.0.bn1.weight", "encoder.layer3.0.bn1.bias", "encoder.layer3.0.bn1.running_mean", "encoder.layer3.0.bn1.running_var", "encoder.layer3.0.conv2.weight", "encoder.layer3.0.bn2.weight", "encoder.layer3.0.bn2.bias", "encoder.layer3.0.bn2.running_mean", "encoder.layer3.0.bn2.running_var", "encoder.layer3.0.conv3.weight", "encoder.layer3.0.bn3.weight", "encoder.layer3.0.bn3.bias", "encoder.layer3.0.bn3.running_mean", "encoder.layer3.0.bn3.running_var", "encoder.layer3.0.downsample.0.weight", "encoder.layer3.0.downsample.1.weight", "encoder.layer3.0.downsample.1.bias", "encoder.layer3.0.downsample.1.running_mean", "encoder.layer3.0.downsample.1.running_var", "encoder.layer3.1.conv1.weight", "encoder.layer3.1.bn1.weight", "encoder.layer3.1.bn1.bias", "encoder.layer3.1.bn1.running_mean", "encoder.layer3.1.bn1.running_var", "encoder.layer3.1.conv2.weight", "encoder.layer3.1.bn2.weight", "encoder.layer3.1.bn2.bias", "encoder.layer3.1.bn2.running_mean", "encoder.layer3.1.bn2.running_var", "encoder.layer3.1.conv3.weight", "encoder.layer3.1.bn3.weight", "encoder.layer3.1.bn3.bias", "encoder.layer3.1.bn3.running_mean", "encoder.layer3.1.bn3.running_var", "encoder.layer3.2.conv1.weight", "encoder.layer3.2.bn1.weight", "encoder.layer3.2.bn1.bias", "encoder.layer3.2.bn1.running_mean", "encoder.layer3.2.bn1.running_var", "encoder.layer3.2.conv2.weight", "encoder.layer3.2.bn2.weight", "encoder.layer3.2.bn2.bias", "encoder.layer3.2.bn2.running_mean", "encoder.layer3.2.bn2.running_var", "encoder.layer3.2.conv3.weight", "encoder.layer3.2.bn3.weight", "encoder.layer3.2.bn3.bias", "encoder.layer3.2.bn3.running_mean", "encoder.layer3.2.bn3.running_var", "encoder.layer3.3.conv1.weight", "encoder.layer3.3.bn1.weight", "encoder.layer3.3.bn1.bias", "encoder.layer3.3.bn1.running_mean", "encoder.layer3.3.bn1.running_var", "encoder.layer3.3.conv2.weight", "encoder.layer3.3.bn2.weight", "encoder.layer3.3.bn2.bias", "encoder.layer3.3.bn2.running_mean", "encoder.layer3.3.bn2.running_var", "encoder.layer3.3.conv3.weight", "encoder.layer3.3.bn3.weight", "encoder.layer3.3.bn3.bias", "encoder.layer3.3.bn3.running_mean", "encoder.layer3.3.bn3.running_var", "encoder.layer3.4.conv1.weight", "encoder.layer3.4.bn1.weight", "encoder.layer3.4.bn1.bias", "encoder.layer3.4.bn1.running_mean", "encoder.layer3.4.bn1.running_var", "encoder.layer3.4.conv2.weight", "encoder.layer3.4.bn2.weight", "encoder.layer3.4.bn2.bias", "encoder.layer3.4.bn2.running_mean", "encoder.layer3.4.bn2.running_var", "encoder.layer3.4.conv3.weight", "encoder.layer3.4.bn3.weight", "encoder.layer3.4.bn3.bias", "encoder.layer3.4.bn3.running_mean", "encoder.layer3.4.bn3.running_var", "encoder.layer3.5.conv1.weight", "encoder.layer3.5.bn1.weight", "encoder.layer3.5.bn1.bias", "encoder.layer3.5.bn1.running_mean", "encoder.layer3.5.bn1.running_var", "encoder.layer3.5.conv2.weight", "encoder.layer3.5.bn2.weight", "encoder.layer3.5.bn2.bias", "encoder.layer3.5.bn2.running_mean", "encoder.layer3.5.bn2.running_var", "encoder.layer3.5.conv3.weight", "encoder.layer3.5.bn3.weight", "encoder.layer3.5.bn3.bias", "encoder.layer3.5.bn3.running_mean", "encoder.layer3.5.bn3.running_var", "encoder.layer4.0.conv1.weight", "encoder.layer4.0.bn1.weight", "encoder.layer4.0.bn1.bias", "encoder.layer4.0.bn1.running_mean", "encoder.layer4.0.bn1.running_var", "encoder.layer4.0.conv2.weight", "encoder.layer4.0.bn2.weight", "encoder.layer4.0.bn2.bias", "encoder.layer4.0.bn2.running_mean", "encoder.layer4.0.bn2.running_var", "encoder.layer4.0.conv3.weight", "encoder.layer4.0.bn3.weight", "encoder.layer4.0.bn3.bias", "encoder.layer4.0.bn3.running_mean", "encoder.layer4.0.bn3.running_var", "encoder.layer4.0.downsample.0.weight", "encoder.layer4.0.downsample.1.weight", "encoder.layer4.0.downsample.1.bias", "encoder.layer4.0.downsample.1.running_mean", "encoder.layer4.0.downsample.1.running_var", "encoder.layer4.1.conv1.weight", "encoder.layer4.1.bn1.weight", "encoder.layer4.1.bn1.bias", "encoder.layer4.1.bn1.running_mean", "encoder.layer4.1.bn1.running_var", "encoder.layer4.1.conv2.weight", "encoder.layer4.1.bn2.weight", "encoder.layer4.1.bn2.bias", "encoder.layer4.1.bn2.running_mean", "encoder.layer4.1.bn2.running_var", "encoder.layer4.1.conv3.weight", "encoder.layer4.1.bn3.weight", "encoder.layer4.1.bn3.bias", "encoder.layer4.1.bn3.running_mean", "encoder.layer4.1.bn3.running_var", "encoder.layer4.2.conv1.weight", "encoder.layer4.2.bn1.weight", "encoder.layer4.2.bn1.bias", "encoder.layer4.2.bn1.running_mean", "encoder.layer4.2.bn1.running_var", "encoder.layer4.2.conv2.weight", "encoder.layer4.2.bn2.weight", "encoder.layer4.2.bn2.bias", "encoder.layer4.2.bn2.running_mean", "encoder.layer4.2.bn2.running_var", "encoder.layer4.2.conv3.weight", "encoder.layer4.2.bn3.weight", "encoder.layer4.2.bn3.bias", "encoder.layer4.2.bn3.running_mean", "encoder.layer4.2.bn3.running_var", "decoder.blocks.0.block.0.0.weight", "decoder.blocks.0.block.0.1.weight", "decoder.blocks.0.block.0.1.bias", "decoder.blocks.0.block.0.1.running_mean", "decoder.blocks.0.block.0.1.running_var", "decoder.blocks.0.block.1.0.weight", "decoder.blocks.0.block.1.0.bias", "decoder.blocks.0.block.1.1.weight", "decoder.blocks.0.block.1.1.bias", "decoder.blocks.0.block.1.1.running_mean", "decoder.blocks.0.block.1.1.running_var", "decoder.blocks.0.block.2.0.weight", "decoder.blocks.0.block.2.1.weight", "decoder.blocks.0.block.2.1.bias", "decoder.blocks.0.block.2.1.running_mean", "decoder.blocks.0.block.2.1.running_var", "decoder.blocks.1.block.0.0.weight", "decoder.blocks.1.block.0.1.weight", "decoder.blocks.1.block.0.1.bias", "decoder.blocks.1.block.0.1.running_mean", "decoder.blocks.1.block.0.1.running_var", "decoder.blocks.1.block.1.0.weight", "decoder.blocks.1.block.1.0.bias", "decoder.blocks.1.block.1.1.weight", "decoder.blocks.1.block.1.1.bias", "decoder.blocks.1.block.1.1.running_mean", "decoder.blocks.1.block.1.1.running_var", "decoder.blocks.1.block.2.0.weight", "decoder.blocks.1.block.2.1.weight", "decoder.blocks.1.block.2.1.bias", "decoder.blocks.1.block.2.1.running_mean", "decoder.blocks.1.block.2.1.running_var", "decoder.blocks.2.block.0.0.weight", "decoder.blocks.2.block.0.1.weight", "decoder.blocks.2.block.0.1.bias", "decoder.blocks.2.block.0.1.running_mean", "decoder.blocks.2.block.0.1.running_var", "decoder.blocks.2.block.1.0.weight", "decoder.blocks.2.block.1.0.bias", "decoder.blocks.2.block.1.1.weight", "decoder.blocks.2.block.1.1.bias", "decoder.blocks.2.block.1.1.running_mean", "decoder.blocks.2.block.1.1.running_var", "decoder.blocks.2.block.2.0.weight", "decoder.blocks.2.block.2.1.weight", "decoder.blocks.2.block.2.1.bias", "decoder.blocks.2.block.2.1.running_mean", "decoder.blocks.2.block.2.1.running_var", "decoder.blocks.3.block.0.0.weight", "decoder.blocks.3.block.0.1.weight", "decoder.blocks.3.block.0.1.bias", "decoder.blocks.3.block.0.1.running_mean", "decoder.blocks.3.block.0.1.running_var", "decoder.blocks.3.block.1.0.weight", "decoder.blocks.3.block.1.0.bias", "decoder.blocks.3.block.1.1.weight", "decoder.blocks.3.block.1.1.bias", "decoder.blocks.3.block.1.1.running_mean", "decoder.blocks.3.block.1.1.running_var", "decoder.blocks.3.block.2.0.weight", "decoder.blocks.3.block.2.1.weight", "decoder.blocks.3.block.2.1.bias", "decoder.blocks.3.block.2.1.running_mean", "decoder.blocks.3.block.2.1.running_var", "decoder.blocks.4.block.0.0.weight", "decoder.blocks.4.block.0.1.weight", "decoder.blocks.4.block.0.1.bias", "decoder.blocks.4.block.0.1.running_mean", "decoder.blocks.4.block.0.1.running_var", "decoder.blocks.4.block.1.0.weight", "decoder.blocks.4.block.1.0.bias", "decoder.blocks.4.block.1.1.weight", "decoder.blocks.4.block.1.1.bias", "decoder.blocks.4.block.1.1.running_mean", "decoder.blocks.4.block.1.1.running_var", "decoder.blocks.4.block.2.0.weight", "decoder.blocks.4.block.2.1.weight", "decoder.blocks.4.block.2.1.bias", "decoder.blocks.4.block.2.1.running_mean", "decoder.blocks.4.block.2.1.running_var". 
	Unexpected key(s) in state_dict: "encoder._conv_stem.weight", "encoder._bn0.weight", "encoder._bn0.bias", "encoder._bn0.running_mean", "encoder._bn0.running_var", "encoder._bn0.num_batches_tracked", "encoder._blocks.0._depthwise_conv.weight", "encoder._blocks.0._bn1.weight", "encoder._blocks.0._bn1.bias", "encoder._blocks.0._bn1.running_mean", "encoder._blocks.0._bn1.running_var", "encoder._blocks.0._bn1.num_batches_tracked", "encoder._blocks.0._se_reduce.weight", "encoder._blocks.0._se_reduce.bias", "encoder._blocks.0._se_expand.weight", "encoder._blocks.0._se_expand.bias", "encoder._blocks.0._project_conv.weight", "encoder._blocks.0._bn2.weight", "encoder._blocks.0._bn2.bias", "encoder._blocks.0._bn2.running_mean", "encoder._blocks.0._bn2.running_var", "encoder._blocks.0._bn2.num_batches_tracked", "encoder._blocks.1._depthwise_conv.weight", "encoder._blocks.1._bn1.weight", "encoder._blocks.1._bn1.bias", "encoder._blocks.1._bn1.running_mean", "encoder._blocks.1._bn1.running_var", "encoder._blocks.1._bn1.num_batches_tracked", "encoder._blocks.1._se_reduce.weight", "encoder._blocks.1._se_reduce.bias", "encoder._blocks.1._se_expand.weight", "encoder._blocks.1._se_expand.bias", "encoder._blocks.1._project_conv.weight", "encoder._blocks.1._bn2.weight", "encoder._blocks.1._bn2.bias", "encoder._blocks.1._bn2.running_mean", "encoder._blocks.1._bn2.running_var", "encoder._blocks.1._bn2.num_batches_tracked", "encoder._blocks.2._expand_conv.weight", "encoder._blocks.2._bn0.weight", "encoder._blocks.2._bn0.bias", "encoder._blocks.2._bn0.running_mean", "encoder._blocks.2._bn0.running_var", "encoder._blocks.2._bn0.num_batches_tracked", "encoder._blocks.2._depthwise_conv.weight", "encoder._blocks.2._bn1.weight", "encoder._blocks.2._bn1.bias", "encoder._blocks.2._bn1.running_mean", "encoder._blocks.2._bn1.running_var", "encoder._blocks.2._bn1.num_batches_tracked", "encoder._blocks.2._se_reduce.weight", "encoder._blocks.2._se_reduce.bias", "encoder._blocks.2._se_expand.weight", "encoder._blocks.2._se_expand.bias", "encoder._blocks.2._project_conv.weight", "encoder._blocks.2._bn2.weight", "encoder._blocks.2._bn2.bias", "encoder._blocks.2._bn2.running_mean", "encoder._blocks.2._bn2.running_var", "encoder._blocks.2._bn2.num_batches_tracked", "encoder._blocks.3._expand_conv.weight", "encoder._blocks.3._bn0.weight", "encoder._blocks.3._bn0.bias", "encoder._blocks.3._bn0.running_mean", "encoder._blocks.3._bn0.running_var", "encoder._blocks.3._bn0.num_batches_tracked", "encoder._blocks.3._depthwise_conv.weight", "encoder._blocks.3._bn1.weight", "encoder._blocks.3._bn1.bias", "encoder._blocks.3._bn1.running_mean", "encoder._blocks.3._bn1.running_var", "encoder._blocks.3._bn1.num_batches_tracked", "encoder._blocks.3._se_reduce.weight", "encoder._blocks.3._se_reduce.bias", "encoder._blocks.3._se_expand.weight", "encoder._blocks.3._se_expand.bias", "encoder._blocks.3._project_conv.weight", "encoder._blocks.3._bn2.weight", "encoder._blocks.3._bn2.bias", "encoder._blocks.3._bn2.running_mean", "encoder._blocks.3._bn2.running_var", "encoder._blocks.3._bn2.num_batches_tracked", "encoder._blocks.4._expand_conv.weight", "encoder._blocks.4._bn0.weight", "encoder._blocks.4._bn0.bias", "encoder._blocks.4._bn0.running_mean", "encoder._blocks.4._bn0.running_var", "encoder._blocks.4._bn0.num_batches_tracked", "encoder._blocks.4._depthwise_conv.weight", "encoder._blocks.4._bn1.weight", "encoder._blocks.4._bn1.bias", "encoder._blocks.4._bn1.running_mean", "encoder._blocks.4._bn1.running_var", "encoder._blocks.4._bn1.num_batches_tracked", "encoder._blocks.4._se_reduce.weight", "encoder._blocks.4._se_reduce.bias", "encoder._blocks.4._se_expand.weight", "encoder._blocks.4._se_expand.bias", "encoder._blocks.4._project_conv.weight", "encoder._blocks.4._bn2.weight", "encoder._blocks.4._bn2.bias", "encoder._blocks.4._bn2.running_mean", "encoder._blocks.4._bn2.running_var", "encoder._blocks.4._bn2.num_batches_tracked", "encoder._blocks.5._expand_conv.weight", "encoder._blocks.5._bn0.weight", "encoder._blocks.5._bn0.bias", "encoder._blocks.5._bn0.running_mean", "encoder._blocks.5._bn0.running_var", "encoder._blocks.5._bn0.num_batches_tracked", "encoder._blocks.5._depthwise_conv.weight", "encoder._blocks.5._bn1.weight", "encoder._blocks.5._bn1.bias", "encoder._blocks.5._bn1.running_mean", "encoder._blocks.5._bn1.running_var", "encoder._blocks.5._bn1.num_batches_tracked", "encoder._blocks.5._se_reduce.weight", "encoder._blocks.5._se_reduce.bias", "encoder._blocks.5._se_expand.weight", "encoder._blocks.5._se_expand.bias", "encoder._blocks.5._project_conv.weight", "encoder._blocks.5._bn2.weight", "encoder._blocks.5._bn2.bias", "encoder._blocks.5._bn2.running_mean", "encoder._blocks.5._bn2.running_var", "encoder._blocks.5._bn2.num_batches_tracked", "encoder._blocks.6._expand_conv.weight", "encoder._blocks.6._bn0.weight", "encoder._blocks.6._bn0.bias", "encoder._blocks.6._bn0.running_mean", "encoder._blocks.6._bn0.running_var", "encoder._blocks.6._bn0.num_batches_tracked", "encoder._blocks.6._depthwise_conv.weight", "encoder._blocks.6._bn1.weight", "encoder._blocks.6._bn1.bias", "encoder._blocks.6._bn1.running_mean", "encoder._blocks.6._bn1.running_var", "encoder._blocks.6._bn1.num_batches_tracked", "encoder._blocks.6._se_reduce.weight", "encoder._blocks.6._se_reduce.bias", "encoder._blocks.6._se_expand.weight", "encoder._blocks.6._se_expand.bias", "encoder._blocks.6._project_conv.weight", "encoder._blocks.6._bn2.weight", "encoder._blocks.6._bn2.bias", "encoder._blocks.6._bn2.running_mean", "encoder._blocks.6._bn2.running_var", "encoder._blocks.6._bn2.num_batches_tracked", "encoder._blocks.7._expand_conv.weight", "encoder._blocks.7._bn0.weight", "encoder._blocks.7._bn0.bias", "encoder._blocks.7._bn0.running_mean", "encoder._blocks.7._bn0.running_var", "encoder._blocks.7._bn0.num_batches_tracked", "encoder._blocks.7._depthwise_conv.weight", "encoder._blocks.7._bn1.weight", "encoder._blocks.7._bn1.bias", "encoder._blocks.7._bn1.running_mean", "encoder._blocks.7._bn1.running_var", "encoder._blocks.7._bn1.num_batches_tracked", "encoder._blocks.7._se_reduce.weight", "encoder._blocks.7._se_reduce.bias", "encoder._blocks.7._se_expand.weight", "encoder._blocks.7._se_expand.bias", "encoder._blocks.7._project_conv.weight", "encoder._blocks.7._bn2.weight", "encoder._blocks.7._bn2.bias", "encoder._blocks.7._bn2.running_mean", "encoder._blocks.7._bn2.running_var", "encoder._blocks.7._bn2.num_batches_tracked", "encoder._blocks.8._expand_conv.weight", "encoder._blocks.8._bn0.weight", "encoder._blocks.8._bn0.bias", "encoder._blocks.8._bn0.running_mean", "encoder._blocks.8._bn0.running_var", "encoder._blocks.8._bn0.num_batches_tracked", "encoder._blocks.8._depthwise_conv.weight", "encoder._blocks.8._bn1.weight", "encoder._blocks.8._bn1.bias", "encoder._blocks.8._bn1.running_mean", "encoder._blocks.8._bn1.running_var", "encoder._blocks.8._bn1.num_batches_tracked", "encoder._blocks.8._se_reduce.weight", "encoder._blocks.8._se_reduce.bias", "encoder._blocks.8._se_expand.weight", "encoder._blocks.8._se_expand.bias", "encoder._blocks.8._project_conv.weight", "encoder._blocks.8._bn2.weight", "encoder._blocks.8._bn2.bias", "encoder._blocks.8._bn2.running_mean", "encoder._blocks.8._bn2.running_var", "encoder._blocks.8._bn2.num_batches_tracked", "encoder._blocks.9._expand_conv.weight", "encoder._blocks.9._bn0.weight", "encoder._blocks.9._bn0.bias", "encoder._blocks.9._bn0.running_mean", "encoder._blocks.9._bn0.running_var", "encoder._blocks.9._bn0.num_batches_tracked", "encoder._blocks.9._depthwise_conv.weight", "encoder._blocks.9._bn1.weight", "encoder._blocks.9._bn1.bias", "encoder._blocks.9._bn1.running_mean", "encoder._blocks.9._bn1.running_var", "encoder._blocks.9._bn1.num_batches_tracked", "encoder._blocks.9._se_reduce.weight", "encoder._blocks.9._se_reduce.bias", "encoder._blocks.9._se_expand.weight", "encoder._blocks.9._se_expand.bias", "encoder._blocks.9._project_conv.weight", "encoder._blocks.9._bn2.weight", "encoder._blocks.9._bn2.bias", "encoder._blocks.9._bn2.running_mean", "encoder._blocks.9._bn2.running_var", "encoder._blocks.9._bn2.num_batches_tracked", "encoder._blocks.10._expand_conv.weight", "encoder._blocks.10._bn0.weight", "encoder._blocks.10._bn0.bias", "encoder._blocks.10._bn0.running_mean", "encoder._blocks.10._bn0.running_var", "encoder._blocks.10._bn0.num_batches_tracked", "encoder._blocks.10._depthwise_conv.weight", "encoder._blocks.10._bn1.weight", "encoder._blocks.10._bn1.bias", "encoder._blocks.10._bn1.running_mean", "encoder._blocks.10._bn1.running_var", "encoder._blocks.10._bn1.num_batches_tracked", "encoder._blocks.10._se_reduce.weight", "encoder._blocks.10._se_reduce.bias", "encoder._blocks.10._se_expand.weight", "encoder._blocks.10._se_expand.bias", "encoder._blocks.10._project_conv.weight", "encoder._blocks.10._bn2.weight", "encoder._blocks.10._bn2.bias", "encoder._blocks.10._bn2.running_mean", "encoder._blocks.10._bn2.running_var", "encoder._blocks.10._bn2.num_batches_tracked", "encoder._blocks.11._expand_conv.weight", "encoder._blocks.11._bn0.weight", "encoder._blocks.11._bn0.bias", "encoder._blocks.11._bn0.running_mean", "encoder._blocks.11._bn0.running_var", "encoder._blocks.11._bn0.num_batches_tracked", "encoder._blocks.11._depthwise_conv.weight", "encoder._blocks.11._bn1.weight", "encoder._blocks.11._bn1.bias", "encoder._blocks.11._bn1.running_mean", "encoder._blocks.11._bn1.running_var", "encoder._blocks.11._bn1.num_batches_tracked", "encoder._blocks.11._se_reduce.weight", "encoder._blocks.11._se_reduce.bias", "encoder._blocks.11._se_expand.weight", "encoder._blocks.11._se_expand.bias", "encoder._blocks.11._project_conv.weight", "encoder._blocks.11._bn2.weight", "encoder._blocks.11._bn2.bias", "encoder._blocks.11._bn2.running_mean", "encoder._blocks.11._bn2.running_var", "encoder._blocks.11._bn2.num_batches_tracked", "encoder._blocks.12._expand_conv.weight", "encoder._blocks.12._bn0.weight", "encoder._blocks.12._bn0.bias", "encoder._blocks.12._bn0.running_mean", "encoder._blocks.12._bn0.running_var", "encoder._blocks.12._bn0.num_batches_tracked", "encoder._blocks.12._depthwise_conv.weight", "encoder._blocks.12._bn1.weight", "encoder._blocks.12._bn1.bias", "encoder._blocks.12._bn1.running_mean", "encoder._blocks.12._bn1.running_var", "encoder._blocks.12._bn1.num_batches_tracked", "encoder._blocks.12._se_reduce.weight", "encoder._blocks.12._se_reduce.bias", "encoder._blocks.12._se_expand.weight", "encoder._blocks.12._se_expand.bias", "encoder._blocks.12._project_conv.weight", "encoder._blocks.12._bn2.weight", "encoder._blocks.12._bn2.bias", "encoder._blocks.12._bn2.running_mean", "encoder._blocks.12._bn2.running_var", "encoder._blocks.12._bn2.num_batches_tracked", "encoder._blocks.13._expand_conv.weight", "encoder._blocks.13._bn0.weight", "encoder._blocks.13._bn0.bias", "encoder._blocks.13._bn0.running_mean", "encoder._blocks.13._bn0.running_var", "encoder._blocks.13._bn0.num_batches_tracked", "encoder._blocks.13._depthwise_conv.weight", "encoder._blocks.13._bn1.weight", "encoder._blocks.13._bn1.bias", "encoder._blocks.13._bn1.running_mean", "encoder._blocks.13._bn1.running_var", "encoder._blocks.13._bn1.num_batches_tracked", "encoder._blocks.13._se_reduce.weight", "encoder._blocks.13._se_reduce.bias", "encoder._blocks.13._se_expand.weight", "encoder._blocks.13._se_expand.bias", "encoder._blocks.13._project_conv.weight", "encoder._blocks.13._bn2.weight", "encoder._blocks.13._bn2.bias", "encoder._blocks.13._bn2.running_mean", "encoder._blocks.13._bn2.running_var", "encoder._blocks.13._bn2.num_batches_tracked", "encoder._blocks.14._expand_conv.weight", "encoder._blocks.14._bn0.weight", "encoder._blocks.14._bn0.bias", "encoder._blocks.14._bn0.running_mean", "encoder._blocks.14._bn0.running_var", "encoder._blocks.14._bn0.num_batches_tracked", "encoder._blocks.14._depthwise_conv.weight", "encoder._blocks.14._bn1.weight", "encoder._blocks.14._bn1.bias", "encoder._blocks.14._bn1.running_mean", "encoder._blocks.14._bn1.running_var", "encoder._blocks.14._bn1.num_batches_tracked", "encoder._blocks.14._se_reduce.weight", "encoder._blocks.14._se_reduce.bias", "encoder._blocks.14._se_expand.weight", "encoder._blocks.14._se_expand.bias", "encoder._blocks.14._project_conv.weight", "encoder._blocks.14._bn2.weight", "encoder._blocks.14._bn2.bias", "encoder._blocks.14._bn2.running_mean", "encoder._blocks.14._bn2.running_var", "encoder._blocks.14._bn2.num_batches_tracked", "encoder._blocks.15._expand_conv.weight", "encoder._blocks.15._bn0.weight", "encoder._blocks.15._bn0.bias", "encoder._blocks.15._bn0.running_mean", "encoder._blocks.15._bn0.running_var", "encoder._blocks.15._bn0.num_batches_tracked", "encoder._blocks.15._depthwise_conv.weight", "encoder._blocks.15._bn1.weight", "encoder._blocks.15._bn1.bias", "encoder._blocks.15._bn1.running_mean", "encoder._blocks.15._bn1.running_var", "encoder._blocks.15._bn1.num_batches_tracked", "encoder._blocks.15._se_reduce.weight", "encoder._blocks.15._se_reduce.bias", "encoder._blocks.15._se_expand.weight", "encoder._blocks.15._se_expand.bias", "encoder._blocks.15._project_conv.weight", "encoder._blocks.15._bn2.weight", "encoder._blocks.15._bn2.bias", "encoder._blocks.15._bn2.running_mean", "encoder._blocks.15._bn2.running_var", "encoder._blocks.15._bn2.num_batches_tracked", "encoder._blocks.16._expand_conv.weight", "encoder._blocks.16._bn0.weight", "encoder._blocks.16._bn0.bias", "encoder._blocks.16._bn0.running_mean", "encoder._blocks.16._bn0.running_var", "encoder._blocks.16._bn0.num_batches_tracked", "encoder._blocks.16._depthwise_conv.weight", "encoder._blocks.16._bn1.weight", "encoder._blocks.16._bn1.bias", "encoder._blocks.16._bn1.running_mean", "encoder._blocks.16._bn1.running_var", "encoder._blocks.16._bn1.num_batches_tracked", "encoder._blocks.16._se_reduce.weight", "encoder._blocks.16._se_reduce.bias", "encoder._blocks.16._se_expand.weight", "encoder._blocks.16._se_expand.bias", "encoder._blocks.16._project_conv.weight", "encoder._blocks.16._bn2.weight", "encoder._blocks.16._bn2.bias", "encoder._blocks.16._bn2.running_mean", "encoder._blocks.16._bn2.running_var", "encoder._blocks.16._bn2.num_batches_tracked", "encoder._blocks.17._expand_conv.weight", "encoder._blocks.17._bn0.weight", "encoder._blocks.17._bn0.bias", "encoder._blocks.17._bn0.running_mean", "encoder._blocks.17._bn0.running_var", "encoder._blocks.17._bn0.num_batches_tracked", "encoder._blocks.17._depthwise_conv.weight", "encoder._blocks.17._bn1.weight", "encoder._blocks.17._bn1.bias", "encoder._blocks.17._bn1.running_mean", "encoder._blocks.17._bn1.running_var", "encoder._blocks.17._bn1.num_batches_tracked", "encoder._blocks.17._se_reduce.weight", "encoder._blocks.17._se_reduce.bias", "encoder._blocks.17._se_expand.weight", "encoder._blocks.17._se_expand.bias", "encoder._blocks.17._project_conv.weight", "encoder._blocks.17._bn2.weight", "encoder._blocks.17._bn2.bias", "encoder._blocks.17._bn2.running_mean", "encoder._blocks.17._bn2.running_var", "encoder._blocks.17._bn2.num_batches_tracked", "encoder._blocks.18._expand_conv.weight", "encoder._blocks.18._bn0.weight", "encoder._blocks.18._bn0.bias", "encoder._blocks.18._bn0.running_mean", "encoder._blocks.18._bn0.running_var", "encoder._blocks.18._bn0.num_batches_tracked", "encoder._blocks.18._depthwise_conv.weight", "encoder._blocks.18._bn1.weight", "encoder._blocks.18._bn1.bias", "encoder._blocks.18._bn1.running_mean", "encoder._blocks.18._bn1.running_var", "encoder._blocks.18._bn1.num_batches_tracked", "encoder._blocks.18._se_reduce.weight", "encoder._blocks.18._se_reduce.bias", "encoder._blocks.18._se_expand.weight", "encoder._blocks.18._se_expand.bias", "encoder._blocks.18._project_conv.weight", "encoder._blocks.18._bn2.weight", "encoder._blocks.18._bn2.bias", "encoder._blocks.18._bn2.running_mean", "encoder._blocks.18._bn2.running_var", "encoder._blocks.18._bn2.num_batches_tracked", "encoder._blocks.19._expand_conv.weight", "encoder._blocks.19._bn0.weight", "encoder._blocks.19._bn0.bias", "encoder._blocks.19._bn0.running_mean", "encoder._blocks.19._bn0.running_var", "encoder._blocks.19._bn0.num_batches_tracked", "encoder._blocks.19._depthwise_conv.weight", "encoder._blocks.19._bn1.weight", "encoder._blocks.19._bn1.bias", "encoder._blocks.19._bn1.running_mean", "encoder._blocks.19._bn1.running_var", "encoder._blocks.19._bn1.num_batches_tracked", "encoder._blocks.19._se_reduce.weight", "encoder._blocks.19._se_reduce.bias", "encoder._blocks.19._se_expand.weight", "encoder._blocks.19._se_expand.bias", "encoder._blocks.19._project_conv.weight", "encoder._blocks.19._bn2.weight", "encoder._blocks.19._bn2.bias", "encoder._blocks.19._bn2.running_mean", "encoder._blocks.19._bn2.running_var", "encoder._blocks.19._bn2.num_batches_tracked", "encoder._blocks.20._expand_conv.weight", "encoder._blocks.20._bn0.weight", "encoder._blocks.20._bn0.bias", "encoder._blocks.20._bn0.running_mean", "encoder._blocks.20._bn0.running_var", "encoder._blocks.20._bn0.num_batches_tracked", "encoder._blocks.20._depthwise_conv.weight", "encoder._blocks.20._bn1.weight", "encoder._blocks.20._bn1.bias", "encoder._blocks.20._bn1.running_mean", "encoder._blocks.20._bn1.running_var", "encoder._blocks.20._bn1.num_batches_tracked", "encoder._blocks.20._se_reduce.weight", "encoder._blocks.20._se_reduce.bias", "encoder._blocks.20._se_expand.weight", "encoder._blocks.20._se_expand.bias", "encoder._blocks.20._project_conv.weight", "encoder._blocks.20._bn2.weight", "encoder._blocks.20._bn2.bias", "encoder._blocks.20._bn2.running_mean", "encoder._blocks.20._bn2.running_var", "encoder._blocks.20._bn2.num_batches_tracked", "encoder._blocks.21._expand_conv.weight", "encoder._blocks.21._bn0.weight", "encoder._blocks.21._bn0.bias", "encoder._blocks.21._bn0.running_mean", "encoder._blocks.21._bn0.running_var", "encoder._blocks.21._bn0.num_batches_tracked", "encoder._blocks.21._depthwise_conv.weight", "encoder._blocks.21._bn1.weight", "encoder._blocks.21._bn1.bias", "encoder._blocks.21._bn1.running_mean", "encoder._blocks.21._bn1.running_var", "encoder._blocks.21._bn1.num_batches_tracked", "encoder._blocks.21._se_reduce.weight", "encoder._blocks.21._se_reduce.bias", "encoder._blocks.21._se_expand.weight", "encoder._blocks.21._se_expand.bias", "encoder._blocks.21._project_conv.weight", "encoder._blocks.21._bn2.weight", "encoder._blocks.21._bn2.bias", "encoder._blocks.21._bn2.running_mean", "encoder._blocks.21._bn2.running_var", "encoder._blocks.21._bn2.num_batches_tracked", "encoder._blocks.22._expand_conv.weight", "encoder._blocks.22._bn0.weight", "encoder._blocks.22._bn0.bias", "encoder._blocks.22._bn0.running_mean", "encoder._blocks.22._bn0.running_var", "encoder._blocks.22._bn0.num_batches_tracked", "encoder._blocks.22._depthwise_conv.weight", "encoder._blocks.22._bn1.weight", "encoder._blocks.22._bn1.bias", "encoder._blocks.22._bn1.running_mean", "encoder._blocks.22._bn1.running_var", "encoder._blocks.22._bn1.num_batches_tracked", "encoder._blocks.22._se_reduce.weight", "encoder._blocks.22._se_reduce.bias", "encoder._blocks.22._se_expand.weight", "encoder._blocks.22._se_expand.bias", "encoder._blocks.22._project_conv.weight", "encoder._blocks.22._bn2.weight", "encoder._blocks.22._bn2.bias", "encoder._blocks.22._bn2.running_mean", "encoder._blocks.22._bn2.running_var", "encoder._blocks.22._bn2.num_batches_tracked", "encoder._blocks.23._expand_conv.weight", "encoder._blocks.23._bn0.weight", "encoder._blocks.23._bn0.bias", "encoder._blocks.23._bn0.running_mean", "encoder._blocks.23._bn0.running_var", "encoder._blocks.23._bn0.num_batches_tracked", "encoder._blocks.23._depthwise_conv.weight", "encoder._blocks.23._bn1.weight", "encoder._blocks.23._bn1.bias", "encoder._blocks.23._bn1.running_mean", "encoder._blocks.23._bn1.running_var", "encoder._blocks.23._bn1.num_batches_tracked", "encoder._blocks.23._se_reduce.weight", "encoder._blocks.23._se_reduce.bias", "encoder._blocks.23._se_expand.weight", "encoder._blocks.23._se_expand.bias", "encoder._blocks.23._project_conv.weight", "encoder._blocks.23._bn2.weight", "encoder._blocks.23._bn2.bias", "encoder._blocks.23._bn2.running_mean", "encoder._blocks.23._bn2.running_var", "encoder._blocks.23._bn2.num_batches_tracked", "encoder._blocks.24._expand_conv.weight", "encoder._blocks.24._bn0.weight", "encoder._blocks.24._bn0.bias", "encoder._blocks.24._bn0.running_mean", "encoder._blocks.24._bn0.running_var", "encoder._blocks.24._bn0.num_batches_tracked", "encoder._blocks.24._depthwise_conv.weight", "encoder._blocks.24._bn1.weight", "encoder._blocks.24._bn1.bias", "encoder._blocks.24._bn1.running_mean", "encoder._blocks.24._bn1.running_var", "encoder._blocks.24._bn1.num_batches_tracked", "encoder._blocks.24._se_reduce.weight", "encoder._blocks.24._se_reduce.bias", "encoder._blocks.24._se_expand.weight", "encoder._blocks.24._se_expand.bias", "encoder._blocks.24._project_conv.weight", "encoder._blocks.24._bn2.weight", "encoder._blocks.24._bn2.bias", "encoder._blocks.24._bn2.running_mean", "encoder._blocks.24._bn2.running_var", "encoder._blocks.24._bn2.num_batches_tracked", "encoder._blocks.25._expand_conv.weight", "encoder._blocks.25._bn0.weight", "encoder._blocks.25._bn0.bias", "encoder._blocks.25._bn0.running_mean", "encoder._blocks.25._bn0.running_var", "encoder._blocks.25._bn0.num_batches_tracked", "encoder._blocks.25._depthwise_conv.weight", "encoder._blocks.25._bn1.weight", "encoder._blocks.25._bn1.bias", "encoder._blocks.25._bn1.running_mean", "encoder._blocks.25._bn1.running_var", "encoder._blocks.25._bn1.num_batches_tracked", "encoder._blocks.25._se_reduce.weight", "encoder._blocks.25._se_reduce.bias", "encoder._blocks.25._se_expand.weight", "encoder._blocks.25._se_expand.bias", "encoder._blocks.25._project_conv.weight", "encoder._blocks.25._bn2.weight", "encoder._blocks.25._bn2.bias", "encoder._blocks.25._bn2.running_mean", "encoder._blocks.25._bn2.running_var", "encoder._blocks.25._bn2.num_batches_tracked", "encoder._blocks.26._expand_conv.weight", "encoder._blocks.26._bn0.weight", "encoder._blocks.26._bn0.bias", "encoder._blocks.26._bn0.running_mean", "encoder._blocks.26._bn0.running_var", "encoder._blocks.26._bn0.num_batches_tracked", "encoder._blocks.26._depthwise_conv.weight", "encoder._blocks.26._bn1.weight", "encoder._blocks.26._bn1.bias", "encoder._blocks.26._bn1.running_mean", "encoder._blocks.26._bn1.running_var", "encoder._blocks.26._bn1.num_batches_tracked", "encoder._blocks.26._se_reduce.weight", "encoder._blocks.26._se_reduce.bias", "encoder._blocks.26._se_expand.weight", "encoder._blocks.26._se_expand.bias", "encoder._blocks.26._project_conv.weight", "encoder._blocks.26._bn2.weight", "encoder._blocks.26._bn2.bias", "encoder._blocks.26._bn2.running_mean", "encoder._blocks.26._bn2.running_var", "encoder._blocks.26._bn2.num_batches_tracked", "encoder._blocks.27._expand_conv.weight", "encoder._blocks.27._bn0.weight", "encoder._blocks.27._bn0.bias", "encoder._blocks.27._bn0.running_mean", "encoder._blocks.27._bn0.running_var", "encoder._blocks.27._bn0.num_batches_tracked", "encoder._blocks.27._depthwise_conv.weight", "encoder._blocks.27._bn1.weight", "encoder._blocks.27._bn1.bias", "encoder._blocks.27._bn1.running_mean", "encoder._blocks.27._bn1.running_var", "encoder._blocks.27._bn1.num_batches_tracked", "encoder._blocks.27._se_reduce.weight", "encoder._blocks.27._se_reduce.bias", "encoder._blocks.27._se_expand.weight", "encoder._blocks.27._se_expand.bias", "encoder._blocks.27._project_conv.weight", "encoder._blocks.27._bn2.weight", "encoder._blocks.27._bn2.bias", "encoder._blocks.27._bn2.running_mean", "encoder._blocks.27._bn2.running_var", "encoder._blocks.27._bn2.num_batches_tracked", "encoder._blocks.28._expand_conv.weight", "encoder._blocks.28._bn0.weight", "encoder._blocks.28._bn0.bias", "encoder._blocks.28._bn0.running_mean", "encoder._blocks.28._bn0.running_var", "encoder._blocks.28._bn0.num_batches_tracked", "encoder._blocks.28._depthwise_conv.weight", "encoder._blocks.28._bn1.weight", "encoder._blocks.28._bn1.bias", "encoder._blocks.28._bn1.running_mean", "encoder._blocks.28._bn1.running_var", "encoder._blocks.28._bn1.num_batches_tracked", "encoder._blocks.28._se_reduce.weight", "encoder._blocks.28._se_reduce.bias", "encoder._blocks.28._se_expand.weight", "encoder._blocks.28._se_expand.bias", "encoder._blocks.28._project_conv.weight", "encoder._blocks.28._bn2.weight", "encoder._blocks.28._bn2.bias", "encoder._blocks.28._bn2.running_mean", "encoder._blocks.28._bn2.running_var", "encoder._blocks.28._bn2.num_batches_tracked", "encoder._blocks.29._expand_conv.weight", "encoder._blocks.29._bn0.weight", "encoder._blocks.29._bn0.bias", "encoder._blocks.29._bn0.running_mean", "encoder._blocks.29._bn0.running_var", "encoder._blocks.29._bn0.num_batches_tracked", "encoder._blocks.29._depthwise_conv.weight", "encoder._blocks.29._bn1.weight", "encoder._blocks.29._bn1.bias", "encoder._blocks.29._bn1.running_mean", "encoder._blocks.29._bn1.running_var", "encoder._blocks.29._bn1.num_batches_tracked", "encoder._blocks.29._se_reduce.weight", "encoder._blocks.29._se_reduce.bias", "encoder._blocks.29._se_expand.weight", "encoder._blocks.29._se_expand.bias", "encoder._blocks.29._project_conv.weight", "encoder._blocks.29._bn2.weight", "encoder._blocks.29._bn2.bias", "encoder._blocks.29._bn2.running_mean", "encoder._blocks.29._bn2.running_var", "encoder._blocks.29._bn2.num_batches_tracked", "encoder._blocks.30._expand_conv.weight", "encoder._blocks.30._bn0.weight", "encoder._blocks.30._bn0.bias", "encoder._blocks.30._bn0.running_mean", "encoder._blocks.30._bn0.running_var", "encoder._blocks.30._bn0.num_batches_tracked", "encoder._blocks.30._depthwise_conv.weight", "encoder._blocks.30._bn1.weight", "encoder._blocks.30._bn1.bias", "encoder._blocks.30._bn1.running_mean", "encoder._blocks.30._bn1.running_var", "encoder._blocks.30._bn1.num_batches_tracked", "encoder._blocks.30._se_reduce.weight", "encoder._blocks.30._se_reduce.bias", "encoder._blocks.30._se_expand.weight", "encoder._blocks.30._se_expand.bias", "encoder._blocks.30._project_conv.weight", "encoder._blocks.30._bn2.weight", "encoder._blocks.30._bn2.bias", "encoder._blocks.30._bn2.running_mean", "encoder._blocks.30._bn2.running_var", "encoder._blocks.30._bn2.num_batches_tracked", "encoder._blocks.31._expand_conv.weight", "encoder._blocks.31._bn0.weight", "encoder._blocks.31._bn0.bias", "encoder._blocks.31._bn0.running_mean", "encoder._blocks.31._bn0.running_var", "encoder._blocks.31._bn0.num_batches_tracked", "encoder._blocks.31._depthwise_conv.weight", "encoder._blocks.31._bn1.weight", "encoder._blocks.31._bn1.bias", "encoder._blocks.31._bn1.running_mean", "encoder._blocks.31._bn1.running_var", "encoder._blocks.31._bn1.num_batches_tracked", "encoder._blocks.31._se_reduce.weight", "encoder._blocks.31._se_reduce.bias", "encoder._blocks.31._se_expand.weight", "encoder._blocks.31._se_expand.bias", "encoder._blocks.31._project_conv.weight", "encoder._blocks.31._bn2.weight", "encoder._blocks.31._bn2.bias", "encoder._blocks.31._bn2.running_mean", "encoder._blocks.31._bn2.running_var", "encoder._blocks.31._bn2.num_batches_tracked", "encoder._conv_head.weight", "encoder._bn1.weight", "encoder._bn1.bias", "encoder._bn1.running_mean", "encoder._bn1.running_var", "encoder._bn1.num_batches_tracked", "decoder.blocks.x_0_0.conv1.0.weight", "decoder.blocks.x_0_0.conv1.1.weight", "decoder.blocks.x_0_0.conv1.1.bias", "decoder.blocks.x_0_0.conv1.1.running_mean", "decoder.blocks.x_0_0.conv1.1.running_var", "decoder.blocks.x_0_0.conv1.1.num_batches_tracked", "decoder.blocks.x_0_0.conv2.0.weight", "decoder.blocks.x_0_0.conv2.1.weight", "decoder.blocks.x_0_0.conv2.1.bias", "decoder.blocks.x_0_0.conv2.1.running_mean", "decoder.blocks.x_0_0.conv2.1.running_var", "decoder.blocks.x_0_0.conv2.1.num_batches_tracked", "decoder.blocks.x_0_1.conv1.0.weight", "decoder.blocks.x_0_1.conv1.1.weight", "decoder.blocks.x_0_1.conv1.1.bias", "decoder.blocks.x_0_1.conv1.1.running_mean", "decoder.blocks.x_0_1.conv1.1.running_var", "decoder.blocks.x_0_1.conv1.1.num_batches_tracked", "decoder.blocks.x_0_1.conv2.0.weight", "decoder.blocks.x_0_1.conv2.1.weight", "decoder.blocks.x_0_1.conv2.1.bias", "decoder.blocks.x_0_1.conv2.1.running_mean", "decoder.blocks.x_0_1.conv2.1.running_var", "decoder.blocks.x_0_1.conv2.1.num_batches_tracked", "decoder.blocks.x_1_1.conv1.0.weight", "decoder.blocks.x_1_1.conv1.1.weight", "decoder.blocks.x_1_1.conv1.1.bias", "decoder.blocks.x_1_1.conv1.1.running_mean", "decoder.blocks.x_1_1.conv1.1.running_var", "decoder.blocks.x_1_1.conv1.1.num_batches_tracked", "decoder.blocks.x_1_1.conv2.0.weight", "decoder.blocks.x_1_1.conv2.1.weight", "decoder.blocks.x_1_1.conv2.1.bias", "decoder.blocks.x_1_1.conv2.1.running_mean", "decoder.blocks.x_1_1.conv2.1.running_var", "decoder.blocks.x_1_1.conv2.1.num_batches_tracked", "decoder.blocks.x_0_2.conv1.0.weight", "decoder.blocks.x_0_2.conv1.1.weight", "decoder.blocks.x_0_2.conv1.1.bias", "decoder.blocks.x_0_2.conv1.1.running_mean", "decoder.blocks.x_0_2.conv1.1.running_var", "decoder.blocks.x_0_2.conv1.1.num_batches_tracked", "decoder.blocks.x_0_2.conv2.0.weight", "decoder.blocks.x_0_2.conv2.1.weight", "decoder.blocks.x_0_2.conv2.1.bias", "decoder.blocks.x_0_2.conv2.1.running_mean", "decoder.blocks.x_0_2.conv2.1.running_var", "decoder.blocks.x_0_2.conv2.1.num_batches_tracked", "decoder.blocks.x_1_2.conv1.0.weight", "decoder.blocks.x_1_2.conv1.1.weight", "decoder.blocks.x_1_2.conv1.1.bias", "decoder.blocks.x_1_2.conv1.1.running_mean", "decoder.blocks.x_1_2.conv1.1.running_var", "decoder.blocks.x_1_2.conv1.1.num_batches_tracked", "decoder.blocks.x_1_2.conv2.0.weight", "decoder.blocks.x_1_2.conv2.1.weight", "decoder.blocks.x_1_2.conv2.1.bias", "decoder.blocks.x_1_2.conv2.1.running_mean", "decoder.blocks.x_1_2.conv2.1.running_var", "decoder.blocks.x_1_2.conv2.1.num_batches_tracked", "decoder.blocks.x_2_2.conv1.0.weight", "decoder.blocks.x_2_2.conv1.1.weight", "decoder.blocks.x_2_2.conv1.1.bias", "decoder.blocks.x_2_2.conv1.1.running_mean", "decoder.blocks.x_2_2.conv1.1.running_var", "decoder.blocks.x_2_2.conv1.1.num_batches_tracked", "decoder.blocks.x_2_2.conv2.0.weight", "decoder.blocks.x_2_2.conv2.1.weight", "decoder.blocks.x_2_2.conv2.1.bias", "decoder.blocks.x_2_2.conv2.1.running_mean", "decoder.blocks.x_2_2.conv2.1.running_var", "decoder.blocks.x_2_2.conv2.1.num_batches_tracked", "decoder.blocks.x_0_3.conv1.0.weight", "decoder.blocks.x_0_3.conv1.1.weight", "decoder.blocks.x_0_3.conv1.1.bias", "decoder.blocks.x_0_3.conv1.1.running_mean", "decoder.blocks.x_0_3.conv1.1.running_var", "decoder.blocks.x_0_3.conv1.1.num_batches_tracked", "decoder.blocks.x_0_3.conv2.0.weight", "decoder.blocks.x_0_3.conv2.1.weight", "decoder.blocks.x_0_3.conv2.1.bias", "decoder.blocks.x_0_3.conv2.1.running_mean", "decoder.blocks.x_0_3.conv2.1.running_var", "decoder.blocks.x_0_3.conv2.1.num_batches_tracked", "decoder.blocks.x_1_3.conv1.0.weight", "decoder.blocks.x_1_3.conv1.1.weight", "decoder.blocks.x_1_3.conv1.1.bias", "decoder.blocks.x_1_3.conv1.1.running_mean", "decoder.blocks.x_1_3.conv1.1.running_var", "decoder.blocks.x_1_3.conv1.1.num_batches_tracked", "decoder.blocks.x_1_3.conv2.0.weight", "decoder.blocks.x_1_3.conv2.1.weight", "decoder.blocks.x_1_3.conv2.1.bias", "decoder.blocks.x_1_3.conv2.1.running_mean", "decoder.blocks.x_1_3.conv2.1.running_var", "decoder.blocks.x_1_3.conv2.1.num_batches_tracked", "decoder.blocks.x_2_3.conv1.0.weight", "decoder.blocks.x_2_3.conv1.1.weight", "decoder.blocks.x_2_3.conv1.1.bias", "decoder.blocks.x_2_3.conv1.1.running_mean", "decoder.blocks.x_2_3.conv1.1.running_var", "decoder.blocks.x_2_3.conv1.1.num_batches_tracked", "decoder.blocks.x_2_3.conv2.0.weight", "decoder.blocks.x_2_3.conv2.1.weight", "decoder.blocks.x_2_3.conv2.1.bias", "decoder.blocks.x_2_3.conv2.1.running_mean", "decoder.blocks.x_2_3.conv2.1.running_var", "decoder.blocks.x_2_3.conv2.1.num_batches_tracked", "decoder.blocks.x_3_3.conv1.0.weight", "decoder.blocks.x_3_3.conv1.1.weight", "decoder.blocks.x_3_3.conv1.1.bias", "decoder.blocks.x_3_3.conv1.1.running_mean", "decoder.blocks.x_3_3.conv1.1.running_var", "decoder.blocks.x_3_3.conv1.1.num_batches_tracked", "decoder.blocks.x_3_3.conv2.0.weight", "decoder.blocks.x_3_3.conv2.1.weight", "decoder.blocks.x_3_3.conv2.1.bias", "decoder.blocks.x_3_3.conv2.1.running_mean", "decoder.blocks.x_3_3.conv2.1.running_var", "decoder.blocks.x_3_3.conv2.1.num_batches_tracked", "decoder.blocks.x_0_4.conv1.0.weight", "decoder.blocks.x_0_4.conv1.1.weight", "decoder.blocks.x_0_4.conv1.1.bias", "decoder.blocks.x_0_4.conv1.1.running_mean", "decoder.blocks.x_0_4.conv1.1.running_var", "decoder.blocks.x_0_4.conv1.1.num_batches_tracked", "decoder.blocks.x_0_4.conv2.0.weight", "decoder.blocks.x_0_4.conv2.1.weight", "decoder.blocks.x_0_4.conv2.1.bias", "decoder.blocks.x_0_4.conv2.1.running_mean", "decoder.blocks.x_0_4.conv2.1.running_var", "decoder.blocks.x_0_4.conv2.1.num_batches_tracked". 
	size mismatch for segmentation_head.0.weight: copying a param with shape torch.Size([4, 16, 3, 3]) from checkpoint, the shape in current model is torch.Size([4, 32, 1, 1]).
